[backblue.gif]
[fade.gif]
[index.html]
[php.kodesolution.com/2026/movingza-php/images/favicon.png]
[php.kodesolution.com/2026/movingza-php/images/logo.png]
[php.kodesolution.com/2026/movingza-php/images/logo2.png]
[php.kodesolution.com/2026/movingza-php/images/icons/shape-1.png]
[php.kodesolution.com/2026/movingza-php/images/resource/banner1-1.png]
[php.kodesolution.com/2026/movingza-php/images/resource/banner1-2.png]
[php.kodesolution.com/2026/movingza-php/images/banner/banner1-1.jpg]
[php.kodesolution.com/2026/movingza-php/images/resource/about1-1.png]
[php.kodesolution.com/2026/movingza-php/images/resource/about1-1.jpg]
[php.kodesolution.com/2026/movingza-php/images/resource/about1-2.jpg]
[php.kodesolution.com/2026/movingza-php/images/resource/service3-1.jpg]
[php.kodesolution.com/2026/movingza-php/images/resource/service3-2.jpg]
[php.kodesolution.com/2026/movingza-php/images/resource/service3-3.jpg]
[php.kodesolution.com/2026/movingza-php/images/resource/how-it-work.jpg]
[php.kodesolution.com/2026/movingza-php/images/resource/service1-bg1.jpg]
[php.kodesolution.com/2026/movingza-php/images/resource/service1-bg2.jpg]
[php.kodesolution.com/2026/movingza-php/images/resource/service1-bg3.jpg]
[php.kodesolution.com/2026/movingza-php/images/resource/service1-bg4.jpg]
[php.kodesolution.com/2026/movingza-php/images/resource/wcu1-1.jpg]
[php.kodesolution.com/2026/movingza-php/images/icons/wcu1-1.png]
[php.kodesolution.com/2026/movingza-php/images/icons/testi1-1.png]
[php.kodesolution.com/2026/movingza-php/images/resource/testimonial1-1.jpg]
[php.kodesolution.com/2026/movingza-php/images/resource/testimonial1-2.jpg]
[php.kodesolution.com/2026/movingza-php/images/resource/video1-1.jpg]
[php.kodesolution.com/2026/movingza-php/images/icons/shape1.png]
[php.kodesolution.com/2026/movingza-php/images/resource/team-bg1.jpg]
[php.kodesolution.com/2026/movingza-php/images/resource/blog1-1.jpg]
[php.kodesolution.com/2026/movingza-php/images/resource/blog1-2.jpg]
[php.kodesolution.com/2026/movingza-php/images/resource/blog1-3.jpg]
[php.kodesolution.com/2026/movingza-php/images/logo3.png]
[php.kodesolution.com/2026/movingza-php/js/jquery.js]
[php.kodesolution.com/2026/movingza-php/js/popper.min.js]
[php.kodesolution.com/2026/movingza-php/js/bootstrap.min.js]
[php.kodesolution.com/2026/movingza-php/js/jquery.fancybox.js]
[php.kodesolution.com/2026/movingza-php/js/jquery-ui.js]
[php.kodesolution.com/2026/movingza-php/js/wow.js]
[php.kodesolution.com/2026/movingza-php/js/select2.min.js]
[php.kodesolution.com/2026/movingza-php/js/appear.js]
[php.kodesolution.com/2026/movingza-php/js/bxslider.js]
[php.kodesolution.com/2026/movingza-php/js/mixitup.js]
[php.kodesolution.com/2026/movingza-php/js/knob.js]
[php.kodesolution.com/2026/movingza-php/js/swiper.min.js]
[php.kodesolution.com/2026/movingza-php/js/aos.js]
[php.kodesolution.com/2026/movingza-php/js/gsap.min.js]
[php.kodesolution.com/2026/movingza-php/js/ScrollTrigger.min.js]
[php.kodesolution.com/2026/movingza-php/js/splitType.js]
[php.kodesolution.com/2026/movingza-php/js/gsap-scroll-smoother.js]
[php.kodesolution.com/2026/movingza-php/js/gsap-scroll-to-plugin.js]
[php.kodesolution.com/2026/movingza-php/js/SplitText.min.js]
[php.kodesolution.com/2026/movingza-php/js/custom-gsap.js]
[php.kodesolution.com/2026/movingza-php/js/script.js]
[php.kodesolution.com/2026/movingza-php/js/jquery.validate.min.js]
[php.kodesolution.com/2026/movingza-php/js/jquery.form.min.js]
[php.kodesolution.com/2026/movingza-php/index.html]
[php.kodesolution.com/2026/movingza-php/css/bootstrap.min.css]
[php.kodesolution.com/2026/movingza-php/js/contact-form-script.js]
[php.kodesolution.com/2026/movingza-php/images/icons/select1.png]
[php.kodesolution.com/2026/movingza-php/images/icons/about3-3.png]
[php.kodesolution.com/2026/movingza-php/images/resource/service5-bg-1.png]
[php.kodesolution.com/2026/movingza-php/images/resource/service5-1.png]
[php.kodesolution.com/2026/movingza-php/images/resource/service5-2.png]
[php.kodesolution.com/2026/movingza-php/images/resource/service5-3.png]
[php.kodesolution.com/2026/movingza-php/images/resource/service5-4.png]
[php.kodesolution.com/2026/movingza-php/images/resource/team-bg3-2.png]
[php.kodesolution.com/2026/movingza-php/images/resource/team-bg3-1.png]
[php.kodesolution.com/2026/movingza-php/images/resource/wcu-mask-3.png]
[php.kodesolution.com/2026/movingza-php/images/resource/wcu-mask-4.png]
[php.kodesolution.com/2026/movingza-php/images/icons/btn-shape1.png]
[php.kodesolution.com/2026/movingza-php/css/style.css]
[php.kodesolution.com/2026/movingza-php/index-2.html]
[php.kodesolution.com/2026/movingza-php/images/icons/shape-7.png]
[php.kodesolution.com/2026/movingza-php/images/banner/banner2-1.png]
[php.kodesolution.com/2026/movingza-php/images/banner/banner2-1.jpg]
[php.kodesolution.com/2026/movingza-php/images/banner/banner2-2.jpg]
[php.kodesolution.com/2026/movingza-php/images/banner/banner2-3.jpg]
[php.kodesolution.com/2026/movingza-php/images/banner/banner2-4.jpg]
[php.kodesolution.com/2026/movingza-php/images/banner/banner2-5.jpg]
[php.kodesolution.com/2026/movingza-php/images/banner/banner2-6.jpg]
[php.kodesolution.com/2026/movingza-php/images/resource/about2-1.jpg]
[php.kodesolution.com/2026/movingza-php/images/resource/about2-2.jpg]
[php.kodesolution.com/2026/movingza-php/images/resource/about1-3.png]
[php.kodesolution.com/2026/movingza-php/images/resource/service4-1.jpg]
[php.kodesolution.com/2026/movingza-php/images/resource/service4-2.jpg]
[php.kodesolution.com/2026/movingza-php/images/icons/shape-2.png]
[php.kodesolution.com/2026/movingza-php/images/icons/wcu2-1.png]
[php.kodesolution.com/2026/movingza-php/images/icons/wcu2-2.png]
[php.kodesolution.com/2026/movingza-php/images/resource/wcu2-1.png]
[php.kodesolution.com/2026/movingza-php/images/icons/wcu2-3.png]
[php.kodesolution.com/2026/movingza-php/images/icons/wcu2-4.png]
[php.kodesolution.com/2026/movingza-php/images/resource/project1-1.jpg]
[php.kodesolution.com/2026/movingza-php/images/resource/project1-2.jpg]
[php.kodesolution.com/2026/movingza-php/images/resource/project1-3.jpg]
[php.kodesolution.com/2026/movingza-php/images/resource/project1-4.jpg]
[php.kodesolution.com/2026/movingza-php/images/icons/shape-3.png]
[php.kodesolution.com/2026/movingza-php/images/resource/wcu3-1.jpg]
[php.kodesolution.com/2026/movingza-php/images/resource/wcu3-3.jpg]
[php.kodesolution.com/2026/movingza-php/images/icons/wcu3-4.png]
[php.kodesolution.com/2026/movingza-php/images/resource/wcu3-4.png]
[php.kodesolution.com/2026/movingza-php/images/resource/wcu3-2.jpg]
[php.kodesolution.com/2026/movingza-php/images/icons/work2-1.png]
[php.kodesolution.com/2026/movingza-php/images/icons/shape-4.png]
[php.kodesolution.com/2026/movingza-php/images/icons/work2-2.png]
[php.kodesolution.com/2026/movingza-php/images/icons/work2-3.png]
[php.kodesolution.com/2026/movingza-php/images/resource/team2-1.jpg]
[php.kodesolution.com/2026/movingza-php/images/icons/shape-5.png]
[php.kodesolution.com/2026/movingza-php/images/resource/team2-2.jpg]
[php.kodesolution.com/2026/movingza-php/images/resource/team2-3.jpg]
[php.kodesolution.com/2026/movingza-php/images/resource/team2-4.jpg]
[php.kodesolution.com/2026/movingza-php/images/icons/qute2-1.png]
[php.kodesolution.com/2026/movingza-php/images/resource/testi2-1.jpg]
[php.kodesolution.com/2026/movingza-php/images/resource/testi2-2.jpg]
[php.kodesolution.com/2026/movingza-php/images/resource/testi2-3.jpg]
[php.kodesolution.com/2026/movingza-php/images/resource/testi2-4.jpg]
[php.kodesolution.com/2026/movingza-php/images/resource/map1-1.png]
[php.kodesolution.com/2026/movingza-php/images/resource/contact2-1.jpg]
[php.kodesolution.com/2026/movingza-php/images/icons/contact2-1.png]
[php.kodesolution.com/2026/movingza-php/images/icons/shape-6.png]
[php.kodesolution.com/2026/movingza-php/images/icons/footer2-1.png]
[php.kodesolution.com/2026/movingza-php/index-3.html]
[php.kodesolution.com/2026/movingza-php/images/icons/footer2-2.png]
[php.kodesolution.com/2026/movingza-php/images/logo4.png]
[php.kodesolution.com/2026/movingza-php/images/icons/shape-8.png]
[php.kodesolution.com/2026/movingza-php/images/icons/shape-9.png]
[php.kodesolution.com/2026/movingza-php/images/resource/banner3-1.mp4]
[php.kodesolution.com/2026/movingza-php/images/resource/client1-2.png]
[php.kodesolution.com/2026/movingza-php/images/resource/client1-1.png]
[php.kodesolution.com/2026/movingza-php/images/resource/client2-2.png]
[php.kodesolution.com/2026/movingza-php/images/resource/client2-1.png]
[php.kodesolution.com/2026/movingza-php/images/resource/client3-2.png]
[php.kodesolution.com/2026/movingza-php/images/resource/client3-1.png]
[php.kodesolution.com/2026/movingza-php/images/resource/client4-2.png]
[php.kodesolution.com/2026/movingza-php/images/resource/client4-1.png]
[php.kodesolution.com/2026/movingza-php/images/resource/client5-2.png]
[php.kodesolution.com/2026/movingza-php/images/resource/client5-1.png]
[php.kodesolution.com/2026/movingza-php/images/resource/client6-2.png]
[php.kodesolution.com/2026/movingza-php/images/resource/client6-1.png]
[php.kodesolution.com/2026/movingza-php/images/icons/about3-1.png]
[php.kodesolution.com/2026/movingza-php/images/icons/about3-2.png]
[php.kodesolution.com/2026/movingza-php/images/resource/about3-1.jpg]
[php.kodesolution.com/2026/movingza-php/images/resource/about3-2.jpg]
[php.kodesolution.com/2026/movingza-php/images/resource/about3-3.jpg]
[php.kodesolution.com/2026/movingza-php/images/icons/service5-1.png]
[php.kodesolution.com/2026/movingza-php/images/resource/service5-1.jpg]
[php.kodesolution.com/2026/movingza-php/images/icons/service5-2.png]
[php.kodesolution.com/2026/movingza-php/images/resource/service5-2.jpg]
[php.kodesolution.com/2026/movingza-php/images/icons/service5-3.png]
[php.kodesolution.com/2026/movingza-php/images/resource/service5-3.jpg]
[php.kodesolution.com/2026/movingza-php/images/icons/service5-4.png]
[php.kodesolution.com/2026/movingza-php/images/resource/service5-4.jpg]
[php.kodesolution.com/2026/movingza-php/images/resource/work3-1.jpg]
[php.kodesolution.com/2026/movingza-php/images/resource/project3-1.jpg]
[php.kodesolution.com/2026/movingza-php/images/resource/project3-2.jpg]
[php.kodesolution.com/2026/movingza-php/images/resource/project3-3.jpg]
[php.kodesolution.com/2026/movingza-php/images/resource/project3-4.jpg]
[php.kodesolution.com/2026/movingza-php/images/icons/shape-10.png]
[php.kodesolution.com/2026/movingza-php/images/resource/team3-1.jpg]
[php.kodesolution.com/2026/movingza-php/images/resource/team3-2.jpg]
[php.kodesolution.com/2026/movingza-php/images/resource/team3-3.jpg]
[php.kodesolution.com/2026/movingza-php/images/resource/team3-4.jpg]
[php.kodesolution.com/2026/movingza-php/images/icons/testi3-1.png]
[php.kodesolution.com/2026/movingza-php/images/resource/testi2-1.png]
[php.kodesolution.com/2026/movingza-php/images/resource/testi3-1.jpg]
[php.kodesolution.com/2026/movingza-php/images/icons/shape-13.png]
[php.kodesolution.com/2026/movingza-php/images/icons/shape-11.png]
[php.kodesolution.com/2026/movingza-php/index-4.html]
[php.kodesolution.com/2026/movingza-php/images/icons/shape-12.png]
[php.kodesolution.com/2026/movingza-php/page-about.html]
[php.kodesolution.com/2026/movingza-php/page-team.html]
[php.kodesolution.com/2026/movingza-php/images/resource/page-title.png]
[php.kodesolution.com/2026/movingza-php/page-team-details.html]
[php.kodesolution.com/2026/movingza-php/page-pricing.html]
[php.kodesolution.com/2026/movingza-php/page-testimonial.html]
[php.kodesolution.com/2026/movingza-php/page-faq.html]
[php.kodesolution.com/2026/movingza-php/images/resource/team-details.jpg]
[php.kodesolution.com/2026/movingza-php/images/resource/products/1.jpg]
[php.kodesolution.com/2026/movingza-php/images/resource/products/2.jpg]
[php.kodesolution.com/2026/movingza-php/images/resource/products/3.jpg]
[php.kodesolution.com/2026/movingza-php/images/resource/products/4.jpg]
[php.kodesolution.com/2026/movingza-php/images/resource/products/5.jpg]
[php.kodesolution.com/2026/movingza-php/images/resource/products/6.jpg]
[php.kodesolution.com/2026/movingza-php/images/resource/products/7.jpg]
[php.kodesolution.com/2026/movingza-php/shop-products.html]
[php.kodesolution.com/2026/movingza-php/images/resource/products/8.jpg]
[php.kodesolution.com/2026/movingza-php/images/resource/products/thumb-1.jpg]
[php.kodesolution.com/2026/movingza-php/images/resource/products/thumb-2.jpg]
[php.kodesolution.com/2026/movingza-php/shop-products-sidebar.html]
[php.kodesolution.com/2026/movingza-php/images/resource/products/thumb-3.jpg]
[php.kodesolution.com/2026/movingza-php/images/resource/products/product-details.jpg]
[php.kodesolution.com/2026/movingza-php/images/resource/products/product-details2.jpg]
[php.kodesolution.com/2026/movingza-php/images/resource/products/product-details3.jpg]
[php.kodesolution.com/2026/movingza-php/images/resource/testi-thumb1-1.png]
[php.kodesolution.com/2026/movingza-php/shop-product-details.html]
[php.kodesolution.com/2026/movingza-php/shop-cart.html]
[php.kodesolution.com/2026/movingza-php/shop-checkout.html]
[php.kodesolution.com/2026/movingza-php/images/resource/testi-thumb1-2.png]
[php.kodesolution.com/2026/movingza-php/page-404.html]
[php.kodesolution.com/2026/movingza-php/page-services.html]
[php.kodesolution.com/2026/movingza-php/images/resource/404.jpg]
[php.kodesolution.com/2026/movingza-php/images/resource/service-details.jpg]
[php.kodesolution.com/2026/movingza-php/images/resource/service-d1.jpg]
[php.kodesolution.com/2026/movingza-php/page-service-details.html]
[php.kodesolution.com/2026/movingza-php/page-projects.html]
[php.kodesolution.com/2026/movingza-php/images/resource/service-d2.jpg]
[php.kodesolution.com/2026/movingza-php/page-project-details.html]
[php.kodesolution.com/2026/movingza-php/news-grid.html]
[php.kodesolution.com/2026/movingza-php/images/resource/project-details.jpg]
[php.kodesolution.com/2026/movingza-php/images/resource/news-details.jpg]
[php.kodesolution.com/2026/movingza-php/images/resource/client-3.jpg]
[php.kodesolution.com/2026/movingza-php/news-details.html]
[php.kodesolution.com/2026/movingza-php/page-contact.html]
[php.kodesolution.com/2026/movingza-php/css/animate.css]
[php.kodesolution.com/2026/movingza-php/css/aos.css]
[php.kodesolution.com/2026/movingza-php/css/swiper.min.css]
[php.kodesolution.com/2026/movingza-php/css/jquery.fancybox.min.css]
[php.kodesolution.com/2026/movingza-php/images/resource/client-2.jpg]
[php.kodesolution.com/2026/movingza-php/css/images/ui-icons_444444_256x240.png]
[php.kodesolution.com/2026/movingza-php/css/images/ui-icons_555555_256x240.png]
[php.kodesolution.com/2026/movingza-php/css/jquery-ui.css]
[php.kodesolution.com/2026/movingza-php/fonts/linearicons-free8429.eot]
[php.kodesolution.com/2026/movingza-php/fonts/linearicons-free8429.ttf]
[php.kodesolution.com/2026/movingza-php/fonts/linearicons-free8429.woff]
[php.kodesolution.com/2026/movingza-php/css/linear.css]
[php.kodesolution.com/2026/movingza-php/css/select2.min.css]
[php.kodesolution.com/2026/movingza-php/fonts/fa-brands-400.woff2]
[php.kodesolution.com/2026/movingza-php/fonts/fa-brands-400.woff]
[php.kodesolution.com/2026/movingza-php/fonts/fa-brands-400.ttf]
[php.kodesolution.com/2026/movingza-php/fonts/fa-duotone-900.woff2]
[php.kodesolution.com/2026/movingza-php/fonts/fa-duotone-900.woff]
[php.kodesolution.com/2026/movingza-php/fonts/fa-light-300.woff2]
[php.kodesolution.com/2026/movingza-php/fonts/fa-light-300.woff]
[php.kodesolution.com/2026/movingza-php/fonts/fa-duotone-900.ttf]
[php.kodesolution.com/2026/movingza-php/fonts/fa-regular-400.woff2]
[php.kodesolution.com/2026/movingza-php/fonts/fa-regular-400.woff]
[php.kodesolution.com/2026/movingza-php/fonts/fa-solid-900.woff2]
[php.kodesolution.com/2026/movingza-php/fonts/fa-light-300.ttf]
[php.kodesolution.com/2026/movingza-php/fonts/fa-solid-900.woff]
[php.kodesolution.com/2026/movingza-php/fonts/fa-solid-900.ttf]
[php.kodesolution.com/2026/movingza-php/fonts/fa-regular-400.ttf]
[php.kodesolution.com/2026/movingza-php/fonts/fa-thin-100.woff2]
[php.kodesolution.com/2026/movingza-php/fonts/fa-thin-100.woff]
[php.kodesolution.com/2026/movingza-php/css/fontawesome.css]
[php.kodesolution.com/2026/movingza-php/fonts/fa-thin-100.ttf]
[php.kodesolution.com/2026/movingza-php/fonts/flaticon_digitaal.woff2]
[php.kodesolution.com/2026/movingza-php/fonts/flaticon_digitaal.woff]
[php.kodesolution.com/2026/movingza-php/fonts/flaticon_digitaal.eot]
[php.kodesolution.com/2026/movingza-php/fonts/flaticon_digitaal.ttf]
[php.kodesolution.com/2026/movingza-php/css/flaticon-digitaal.css]
[php.kodesolution.com/2026/movingza-php/fonts/flaticon-set-logistics.ttf]
[php.kodesolution.com/2026/movingza-php/fonts/flaticon-set-logistics.woff]
[php.kodesolution.com/2026/movingza-php/fonts/flaticon-set-logistics.woff2]
[php.kodesolution.com/2026/movingza-php/fonts/flaticon-set-logistics.eot]
[php.kodesolution.com/2026/movingza-php/css/flaticon-set-logistics.css]
[php.kodesolution.com/2026/movingza-php/css/tm-bs-mp.css]
[php.kodesolution.com/2026/movingza-php/css/tm-utility-classes.css]
[php.kodesolution.com/2026/movingza-php/images/icons/preloader.html]
[php.kodesolution.com/2026/movingza-php/images/icons/pattern-1.html]
[php.kodesolution.com/2026/movingza-php/images/icons/pattern-2.html]
[php.kodesolution.com/2026/movingza-php/images/icons/pattern-3.html]
[php.kodesolution.com/2026/movingza-php/images/icons/pattern-4.html]
[php.kodesolution.com/2026/movingza-php/images/icons/pattern-5.html]
[php.kodesolution.com/2026/movingza-php/images/icons/pattern-6.html]
[php.kodesolution.com/2026/movingza-php/images/icons/icon-wheel-1.html]
[php.kodesolution.com/2026/movingza-php/images/icons/icon-wheel-2.html]
[php.kodesolution.com/2026/movingza-php/images/icons/icon-wheel-3.html]
[php.kodesolution.com/2026/movingza-php/images/icons/icon-wheel-5.html]
[php.kodesolution.com/2026/movingza-php/images/icons/icon-wheel-compass-1.html]
[php.kodesolution.com/2026/movingza-php/images/icons/icon-wheel-compass-2.html]
[php.kodesolution.com/2026/movingza-php/images/icons/icon-wheel-compass-3.html]
[php.kodesolution.com/2026/movingza-php/images/icons/icon-anchor-1.html]
[php.kodesolution.com/2026/movingza-php/images/icons/icon-sailboat-line-1.html]
[php.kodesolution.com/2026/movingza-php/images/icons/icon-sailboat-line-3.html]
[php.kodesolution.com/2026/movingza-php/images/icons/icon-sailboat-line-4.html]
[php.kodesolution.com/2026/movingza-php/images/icons/icon-big-boat-1.html]
[php.kodesolution.com/2026/movingza-php/images/icons/icon-big-boat-2.html]
[php.kodesolution.com/2026/movingza-php/images/icons/icon-big-boat-3.html]
[php.kodesolution.com/2026/movingza-php/images/icons/icon-big-boat-5.html]
[php.kodesolution.com/2026/movingza-php/images/background/footer1-pattern1.html]
[php.kodesolution.com/2026/movingza-php/images/background/footer1-pattern2.html]
[php.kodesolution.com/2026/movingza-php/images/icons/icon-plane-1.html]
[php.kodesolution.com/2026/movingza-php/images/icons/icon-plane-2.html]
[php.kodesolution.com/2026/movingza-php/images/icons/icon-plane-3.html]
[php.kodesolution.com/2026/movingza-php/images/icons/icon-plane-4.html]
[php.kodesolution.com/2026/movingza-php/images/icons/icon-plane-5.html]
[php.kodesolution.com/2026/movingza-php/images/icons/icon-plane-6.html]
[php.kodesolution.com/2026/movingza-php/images/icons/icon-plane-7.html]
[php.kodesolution.com/2026/movingza-php/images/icons/icon-plane-8.html]
[php.kodesolution.com/2026/movingza-php/images/icons/icon-plane-9.html]
[php.kodesolution.com/2026/movingza-php/images/banner/icon-big-arrow.html]
[php.kodesolution.com/2026/movingza-php/images/icons/icon-arrow.html]
[php.kodesolution.com/2026/movingza-php/images/icons/icon-arrow-2.html]
[php.kodesolution.com/2026/movingza-php/images/icons/icon-big-bus.html]
[php.kodesolution.com/2026/movingza-php/images/icons/icon-bus.html]
[php.kodesolution.com/2026/movingza-php/images/icons/icon-bus-2.html]
[php.kodesolution.com/2026/movingza-php/images/icons/icon-bus-3.html]
[php.kodesolution.com/2026/movingza-php/images/icons/overlay-1.html]
[php.kodesolution.com/2026/movingza-php/images/icons/overlay-2.html]
[php.kodesolution.com/2026/movingza-php/images/icons/overlay-3.html]
[php.kodesolution.com/2026/movingza-php/images/icons/overlay-4.html]
[php.kodesolution.com/2026/movingza-php/images/icons/overlay-5.html]
[php.kodesolution.com/2026/movingza-php/images/icons/overlay-6.html]
[php.kodesolution.com/2026/movingza-php/images/icons/icon-box.html]
[php.kodesolution.com/2026/movingza-php/images/icons/icon-box-2.html]
[php.kodesolution.com/2026/movingza-php/images/icons/icon-border-3.html]
[php.kodesolution.com/2026/movingza-php/images/icons/icon-quote.html]
[php.kodesolution.com/2026/movingza-php/images/icons/icon-quote-2.html]
[php.kodesolution.com/2026/movingza-php/images/icons/icon-container.html]
[php.kodesolution.com/2026/movingza-php/images/icons/icon-dots.html]
[php.kodesolution.com/2026/movingza-php/images/icons/icon-dots-2.html]
[php.kodesolution.com/2026/movingza-php/images/icons/icon-dots-3.html]
[php.kodesolution.com/2026/movingza-php/images/icons/icon-dots-4.html]
[php.kodesolution.com/2026/movingza-php/images/icons/icon-dots-5.html]
[php.kodesolution.com/2026/movingza-php/images/icons/icon-dotted-map.html]
[php.kodesolution.com/2026/movingza-php/images/icons/icon-dotted-map-2.html]
[php.kodesolution.com/2026/movingza-php/images/icons/icon-city.html]
[php.kodesolution.com/2026/movingza-php/images/icons/icon-city-2.html]
[php.kodesolution.com/2026/movingza-php/images/icons/bg-lines.html]
[php.kodesolution.com/2026/movingza-php/images/icons/icon-city-3.html]
[php.kodesolution.com/2026/movingza-php/images/icons/pattern-7.html]
[php.kodesolution.com/2026/movingza-php/images/icons/cat-1-bg.html]
[php.kodesolution.com/2026/movingza-php/images/icons/cat-2-bg.html]
[php.kodesolution.com/2026/movingza-php/images/icons/cat-3-bg.html]
[php.kodesolution.com/2026/movingza-php/images/icons/cat-4-bg.html]
[php.kodesolution.com/2026/movingza-php/images/icons/pattern-8.html]
[php.kodesolution.com/2026/movingza-php/css/images/ui-icons_777620_256x240.html]
[php.kodesolution.com/2026/movingza-php/css/images/ui-icons_cc0000_256x240.html]
[php.kodesolution.com/2026/movingza-php/fonts/linearicons-free8429.svg]
[php.kodesolution.com/2026/movingza-php/fonts/flaticon_digitaal.svg]
[php.kodesolution.com/2026/movingza-php/fonts/flaticon-set-logistics.svg]
